[www.equipment.ng/index.html]
[www.equipment.ng/_next/static/media/569ce4b8f30dc480-s.p.woff2]
[www.equipment.ng/_next/static/media/93f479601ee12b01-s.p.woff2]
[www.equipment.ng/_next/static/css/8a008c5411909f81.css]
[www.equipment.ng/_next/static/chunks/webpack-4e311364119548b2.js]
[www.equipment.ng/_next/static/chunks/4bd1b696-263e89257d28237b.js]
[www.equipment.ng/_next/static/chunks/1517-94d7cfd721e0ddb5.js]
[www.equipment.ng/_next/static/chunks/main-app-def979ac57094c77.js]
[www.equipment.ng/_next/static/chunks/3951-09802bfd5001fddd.js]
[www.equipment.ng/_next/static/chunks/2196-af3aaaaa6c974311.js]
[www.equipment.ng/_next/static/chunks/2367-cc30b049fbaa6ccc.js]
[www.equipment.ng/_next/static/chunks/app/layout-b2f9acac2e090d75.js]
[www.equipment.ng/_next/static/chunks/8e1d74a4-0338d03927742ca9.js]
[www.equipment.ng/_next/static/chunks/66ec4792-deaaeefcca2d2f1b.js]
[www.equipment.ng/_next/static/chunks/8173-5c6687b91ad83a45.js]
[www.equipment.ng/_next/static/chunks/5303-712821daf8571df5.js]
[www.equipment.ng/_next/static/chunks/app/page-c61e5e6e2c5a8679.js]
[res.cloudinary.com/dmvpjzwpj/image/upload/w_1000,c_fill,ar_1_1,g_auto,r_max,bo_5px_solid_red,b_rgb_262c35/v1740650608/favicon_ijjonr.jpg]
[backblue.gif]
[fade.gif]
[index.html]
[www.equipment.ng/favicon.ico]
[www.equipment.ng/index.html]
[www.equipment.ng/_next/static/chunks/polyfills-42372ed130431b0a.js]
[www.equipment.ng/_next/static/media/ba015fad6dcf6784-s.woff2]
[www.equipment.ng/_next/static/media/747892c23ea88013-s.woff2]
[www.equipment.ng/_next/static/css/8a008c5411909f81.css]
